[     170ms] [INFO] %cDownload the React DevTools for a better development experience: https://reactjs.org/link/react-devtools font-weight:bold @ http://localhost:5173/node_modules/.vite/deps/chunk-PJEEZAML.js?v=f1506c5d:21550
[ 8013412ms] ReferenceError: Controls is not defined
    at App (http://localhost:5173/src/App.jsx?t=1787409369905:317:101)
    at renderWithHooks (http://localhost:5173/node_modules/.vite/deps/chunk-PJEEZAML.js?v=f1506c5d:11548:26)
    at updateFunctionComponent (http://localhost:5173/node_modules/.vite/deps/chunk-PJEEZAML.js?v=f1506c5d:14582:28)
    at beginWork (http://localhost:5173/node_modules/.vite/deps/chunk-PJEEZAML.js?v=f1506c5d:15924:22)
    at HTMLUnknownElement.callCallback2 (http://localhost:5173/node_modules/.vite/deps/chunk-PJEEZAML.js?v=f1506c5d:3674:22)
    at Object.invokeGuardedCallbackDev (http://localhost:5173/node_modules/.vite/deps/chunk-PJEEZAML.js?v=f1506c5d:3699:24)
    at invokeGuardedCallback (http://localhost:5173/node_modules/.vite/deps/chunk-PJEEZAML.js?v=f1506c5d:3733:39)
    at beginWork$1 (http://localhost:5173/node_modules/.vite/deps/chunk-PJEEZAML.js?v=f1506c5d:19765:15)
    at performUnitOfWork (http://localhost:5173/node_modules/.vite/deps/chunk-PJEEZAML.js?v=f1506c5d:19198:20)
    at workLoopSync (http://localhost:5173/node_modules/.vite/deps/chunk-PJEEZAML.js?v=f1506c5d:19137:13)
[ 8013414ms] ReferenceError: Controls is not defined
    at App (http://localhost:5173/src/App.jsx?t=1787409369905:317:101)
    at renderWithHooks (http://localhost:5173/node_modules/.vite/deps/chunk-PJEEZAML.js?v=f1506c5d:11548:26)
    at updateFunctionComponent (http://localhost:5173/node_modules/.vite/deps/chunk-PJEEZAML.js?v=f1506c5d:14582:28)
    at beginWork (http://localhost:5173/node_modules/.vite/deps/chunk-PJEEZAML.js?v=f1506c5d:15924:22)
    at HTMLUnknownElement.callCallback2 (http://localhost:5173/node_modules/.vite/deps/chunk-PJEEZAML.js?v=f1506c5d:3674:22)
    at Object.invokeGuardedCallbackDev (http://localhost:5173/node_modules/.vite/deps/chunk-PJEEZAML.js?v=f1506c5d:3699:24)
    at invokeGuardedCallback (http://localhost:5173/node_modules/.vite/deps/chunk-PJEEZAML.js?v=f1506c5d:3733:39)
    at beginWork$1 (http://localhost:5173/node_modules/.vite/deps/chunk-PJEEZAML.js?v=f1506c5d:19765:15)
    at performUnitOfWork (http://localhost:5173/node_modules/.vite/deps/chunk-PJEEZAML.js?v=f1506c5d:19198:20)
    at workLoopSync (http://localhost:5173/node_modules/.vite/deps/chunk-PJEEZAML.js?v=f1506c5d:19137:13)
[ 8013416ms] [ERROR] The above error occurred in the <App> component:

    at App (http://localhost:5173/src/App.jsx?t=1787409369905:317:101)
    at AuthProvider (http://localhost:5173/src/context/AuthContext.jsx:21:32)
    at Router (http://localhost:5173/node_modules/.vite/deps/react-router.js?v=f1506c5d:7541:13)
    at BrowserRouter (http://localhost:5173/node_modules/.vite/deps/react-router.js?v=f1506c5d:10857:3)

Consider adding an error boundary to your tree to customize error handling behavior.
Visit https://reactjs.org/link/error-boundaries to learn more about error boundaries. @ http://localhost:5173/node_modules/.vite/deps/chunk-PJEEZAML.js?v=f1506c5d:14031
[ 8013419ms] ReferenceError: Controls is not defined
    at App (http://localhost:5173/src/App.jsx?t=1787409369905:317:101)
    at renderWithHooks (http://localhost:5173/node_modules/.vite/deps/chunk-PJEEZAML.js?v=f1506c5d:11548:26)
    at updateFunctionComponent (http://localhost:5173/node_modules/.vite/deps/chunk-PJEEZAML.js?v=f1506c5d:14582:28)
    at beginWork (http://localhost:5173/node_modules/.vite/deps/chunk-PJEEZAML.js?v=f1506c5d:15924:22)
    at beginWork$1 (http://localhost:5173/node_modules/.vite/deps/chunk-PJEEZAML.js?v=f1506c5d:19753:22)
    at performUnitOfWork (http://localhost:5173/node_modules/.vite/deps/chunk-PJEEZAML.js?v=f1506c5d:19198:20)
    at workLoopSync (http://localhost:5173/node_modules/.vite/deps/chunk-PJEEZAML.js?v=f1506c5d:19137:13)
    at renderRootSync (http://localhost:5173/node_modules/.vite/deps/chunk-PJEEZAML.js?v=f1506c5d:19116:15)
    at recoverFromConcurrentError (http://localhost:5173/node_modules/.vite/deps/chunk-PJEEZAML.js?v=f1506c5d:18736:28)
    at performSyncWorkOnRoot (http://localhost:5173/node_modules/.vite/deps/chunk-PJEEZAML.js?v=f1506c5d:18879:28)
[ 8289699ms] [ERROR] Failed to load resource: the server responded with a status of 500 (Internal Server Error) @ http://localhost:5173/src/pages/compliance/Controls.jsx?t=1787409646226:0
[ 8289702ms] [ERROR] [hmr] Failed to reload /src/pages/compliance/Controls.jsx. This could be due to syntax errors or importing non-existent modules. (see errors above) @ http://localhost:5173/@vite/client:175
[ 9247191ms] [ERROR] Failed to load resource: the server responded with a status of 500 (Internal Server Error) @ http://localhost:5173/src/pages/controls/ControlManagement.jsx?t=1787410603832:0
[ 9247192ms] [ERROR] [hmr] Failed to reload /src/pages/controls/ControlManagement.jsx. This could be due to syntax errors or importing non-existent modules. (see errors above) @ http://localhost:5173/@vite/client:175
